// Jest Snapshot v1, https://goo.gl/fbAQLP

exports[`Logo render snapshot 1`] = `
<DocumentFragment>
  <footer
    class="footer"
  />
</DocumentFragment>
`;
